Script started on Tue 07 Dec 2021 02:32:57 PM PST
[?1034hbash-4.2$ ./calc 12 + 5[C[1P[C[C[1P5
Error calculations should be of the form __ (operator) __.

bash-4.2$ ./calc
Error calculations should be of the form __ (operator) __.

bash-4.2$ ./calc 12+5 +5[C 5
12 + 5 = 17
bash-4.2$ ./calc 12 + 5[1P 5- 5
12 - 5 = 7
bash-4.2$ ./calc 12 - 5[1P 5x 5
12 x 5 = 60
bash-4.2$ ./calc 12 x 5[1P 5/ 5
12 / 5 = 2
bash-4.2$ ./calc 12 / 5[1P 5% 5
12 % 5 = 2
bash-4.2$ ./calc 12 % 5[C[K0

Error calculations second operand can't be 0.

bash-4.2$ ./calc 12 % 0[1P 0/ 0

Error calculations second operand can't be 0.

bash-4.2$ ./calc 12 / 0%[C[C5/[C[Cx[C[C/[C[Cx[C[C-[C[C[C[1@2[1@9[1@8[1@4[C[1@2[1@9[1@5[C[1P[C[C[C[C[K4343
12984295 - 4343 = 12979952
bash-4.2$ ./calc 12984295 - 4343[1P[1P[1P[1P[1P[1P[1P[1@3[1@2[1@2[1@9[1@5[C[C[C[C[C[C[1P343
132295 - 343 = 131952
bash-4.2$ ./calc 132295 - 343[1P 343x 343
132295 x 343 = 45377185
bash-4.2$ ./calc 132295 x 343[1P 343- 343[C13432343[C[C[C[K
132295 - 1234 = 131061
bash-4.2$ ./calc 132295 - 1234[1P 1234% 1234[C[C[C[C[C[K[K[K[K99
132295 % 99 = 31
bash-4.2$ ./calc 132295 % 99[K[K[K[Kx 7799
132295 x 7799 = 1031768705
bash-4.2$ ./calc 132295 x 7799[1P 7799- 7799
132295 - 7799 = 124496
bash-4.2$ exit
exit

Script done on Tue 07 Dec 2021 02:36:26 PM PST
